// Jest Snapshot v1, https://goo.gl/fbAQLP

exports[`TextArea should match snapshot 1`] = `
<div>
  <div
    class="sc-4ab968c3-0 jkKxcG"
  >
    <textarea
      class="sc-4ab968c3-1 kVwsHd"
      placeholder="Digite sua mensagem..."
      rows="1"
    />
  </div>
</div>
`;
