// Jest Snapshot v1, https://goo.gl/fbAQLP

exports[`Badge should match snapshot 1`] = `
<div>
  <span
    class="sc-92904615-0 hLxQWu"
    color="positive"
    variant="medium"
  />
</div>
`;
